[    1453ms] [ERROR] Failed to load resource: the server responded with a status of 403 () @ https://javdb.com/?vft=1&vst=1:0
[   12757ms] [ERROR] Failed to load resource: the server responded with a status of 400 () @ https://javdb.com/cdn-cgi/challenge-platform/h/g/flow/ov1/480684099:1773026428:vXvrkewcQkeQYiwDhCAx8LheIfbw4RZCk0Hpmx-OnJw/9d974f8cee9eea91/QcqzX2nXYfhRo_qbXxY6pSgVa46ezGidvTmsS45Xhy8-1773030274-1.2.1.1-h86Vvow7ezzi33e6yT2KOgjnhZDT0V9Uzd5SZJJSBX.Q2V_KutoTHEC7yvELNV18:0
[   14896ms] [ERROR] Failed to load resource: the server responded with a status of 403 () @ https://javdb.com/?vft=1&vst=1:0
[   18315ms] [ERROR] Failed to load resource: the server responded with a status of 401 () @ https://challenges.cloudflare.com/cdn-cgi/challenge-platform/h/g/pat/9d974fea9c9ad1d9/1773030289593/9f18f201915864ea301d780a689f6de763902f97adf5010d8145bd1c4bcaa4cc/3DgOdLoMWQ0nVJ5:0
[   19156ms] [ERROR]  Note that 'script-src' was not explicitly set, so 'default-src' is used as a fallback. @ https://challenges.cloudflare.com/cdn-cgi/challenge-platform/h/g/turnstile/f/ov2/av0/rch/l399e/0x4AAAAAAADnPIDROrmt1Wwj/light/fbE/new/normal?lang=auto:0
[   19265ms] [ERROR] %c%d font-size:0;color:transparent NaN @ https://challenges.cloudflare.com/cdn-cgi/challenge-platform/h/g/turnstile/f/ov2/av0/rch/l399e/0x4AAAAAAADnPIDROrmt1Wwj/light/fbE/new/normal?lang=auto:0
[   19265ms] [ERROR] %c%d font-size:0;color:transparent NaN @ https://challenges.cloudflare.com/cdn-cgi/challenge-platform/h/g/turnstile/f/ov2/av0/rch/l399e/0x4AAAAAAADnPIDROrmt1Wwj/light/fbE/new/normal?lang=auto:0
[   19266ms] [WARNING] %c%d font-size:0;color:transparent NaN @ https://challenges.cloudflare.com/cdn-cgi/challenge-platform/h/g/turnstile/f/ov2/av0/rch/l399e/0x4AAAAAAADnPIDROrmt1Wwj/light/fbE/new/normal?lang=auto:0
[   19266ms] [WARNING] %c%d font-size:0;color:transparent NaN @ https://challenges.cloudflare.com/cdn-cgi/challenge-platform/h/g/turnstile/f/ov2/av0/rch/l399e/0x4AAAAAAADnPIDROrmt1Wwj/light/fbE/new/normal?lang=auto:0
[   22756ms] [WARNING] The resource https://challenges.cloudflare.com/cdn-cgi/challenge-platform/h/g/cmg/1 was preloaded using link preload but not used within a few seconds from the window's load event. Please make sure it has an appropriate `as` value and it is preloaded intentionally. @ https://challenges.cloudflare.com/cdn-cgi/challenge-platform/h/g/turnstile/f/ov2/av0/rch/l399e/0x4AAAAAAADnPIDROrmt1Wwj/light/fbE/new/normal?lang=auto:0
[  140158ms] [ERROR] Failed to load resource: the server responded with a status of 400 () @ https://javdb.com/cdn-cgi/challenge-platform/h/g/flow/ov1/480684099:1773026428:vXvrkewcQkeQYiwDhCAx8LheIfbw4RZCk0Hpmx-OnJw/9d974fe10e69ea91/rWFOdLv5l86bA3Ylodwil4oxdfgL.LLEL7FpFT91kL0-1773030287-1.2.1.1-x0q8ALfdeOl4ZDQb4gG78gPJ2AcSoBjwt9hE.KNHYUa7wlURFRYAdeI28kULLgdt:0
[  144357ms] [ERROR] Failed to load resource: the server responded with a status of 403 () @ https://javdb.com/?vft=1&vst=1:0
[  145714ms] [ERROR] Failed to load resource: the server responded with a status of 401 () @ https://challenges.cloudflare.com/cdn-cgi/challenge-platform/h/g/pat/9d97530e78e5d1d9/1773030418041/0fbc04205d8977d5554555c533b37dbc6b42b88af98d1be5fc9276be0425af2f/N1l1ciEntQ3hZWw:0
[  145725ms] [ERROR] %c%d font-size:0;color:transparent NaN @ https://challenges.cloudflare.com/cdn-cgi/challenge-platform/h/g/turnstile/f/ov2/av0/rch/a35s3/0x4AAAAAAADnPIDROrmt1Wwj/light/fbE/new/normal?lang=auto:0
[  145725ms] [ERROR] %c%d font-size:0;color:transparent NaN @ https://challenges.cloudflare.com/cdn-cgi/challenge-platform/h/g/turnstile/f/ov2/av0/rch/a35s3/0x4AAAAAAADnPIDROrmt1Wwj/light/fbE/new/normal?lang=auto:0
[  145725ms] [WARNING] %c%d font-size:0;color:transparent NaN @ https://challenges.cloudflare.com/cdn-cgi/challenge-platform/h/g/turnstile/f/ov2/av0/rch/a35s3/0x4AAAAAAADnPIDROrmt1Wwj/light/fbE/new/normal?lang=auto:0
[  145725ms] [WARNING] %c%d font-size:0;color:transparent NaN @ https://challenges.cloudflare.com/cdn-cgi/challenge-platform/h/g/turnstile/f/ov2/av0/rch/a35s3/0x4AAAAAAADnPIDROrmt1Wwj/light/fbE/new/normal?lang=auto:0
[  145961ms] [ERROR]  Note that 'script-src' was not explicitly set, so 'default-src' is used as a fallback. @ https://challenges.cloudflare.com/cdn-cgi/challenge-platform/h/g/turnstile/f/ov2/av0/rch/a35s3/0x4AAAAAAADnPIDROrmt1Wwj/light/fbE/new/normal?lang=auto:0
[  149489ms] [WARNING] The resource https://challenges.cloudflare.com/cdn-cgi/challenge-platform/h/g/cmg/1 was preloaded using link preload but not used within a few seconds from the window's load event. Please make sure it has an appropriate `as` value and it is preloaded intentionally. @ https://challenges.cloudflare.com/cdn-cgi/challenge-platform/h/g/turnstile/f/ov2/av0/rch/a35s3/0x4AAAAAAADnPIDROrmt1Wwj/light/fbE/new/normal?lang=auto:0
[  267202ms] [ERROR] Failed to load resource: the server responded with a status of 400 () @ https://javdb.com/cdn-cgi/challenge-platform/h/g/flow/ov1/480684099:1773026428:vXvrkewcQkeQYiwDhCAx8LheIfbw4RZCk0Hpmx-OnJw/9d97530a2d6bea91/KsNvHFMuiISz5PqLsCD6uB9em_c1cqV3vVVb3VgfRMY-1773030416-1.2.1.1-tHQdGmqKgkuJqirQHrRLUqwJVeLwkq14j.TSpEcZwIolFhMp9kl9Dp7lNG_3Oobl:0
[  275438ms] [ERROR] Failed to load resource: the server responded with a status of 403 () @ https://javdb.com/?vft=1&vst=1:0
[  277019ms] [ERROR] %c%d font-size:0;color:transparent NaN @ https://challenges.cloudflare.com/cdn-cgi/challenge-platform/h/g/turnstile/f/ov2/av0/rch/5l3dg/0x4AAAAAAADnPIDROrmt1Wwj/light/fbE/new/normal?lang=auto:0
[  277019ms] [ERROR] %c%d font-size:0;color:transparent NaN @ https://challenges.cloudflare.com/cdn-cgi/challenge-platform/h/g/turnstile/f/ov2/av0/rch/5l3dg/0x4AAAAAAADnPIDROrmt1Wwj/light/fbE/new/normal?lang=auto:0
[  277020ms] [WARNING] %c%d font-size:0;color:transparent NaN @ https://challenges.cloudflare.com/cdn-cgi/challenge-platform/h/g/turnstile/f/ov2/av0/rch/5l3dg/0x4AAAAAAADnPIDROrmt1Wwj/light/fbE/new/normal?lang=auto:0
[  277020ms] [WARNING] %c%d font-size:0;color:transparent NaN @ https://challenges.cloudflare.com/cdn-cgi/challenge-platform/h/g/turnstile/f/ov2/av0/rch/5l3dg/0x4AAAAAAADnPIDROrmt1Wwj/light/fbE/new/normal?lang=auto:0
[  277114ms] [ERROR]  Note that 'script-src' was not explicitly set, so 'default-src' is used as a fallback. @ https://challenges.cloudflare.com/cdn-cgi/challenge-platform/h/g/turnstile/f/ov2/av0/rch/5l3dg/0x4AAAAAAADnPIDROrmt1Wwj/light/fbE/new/normal?lang=auto:0
[  277414ms] [ERROR] Failed to load resource: the server responded with a status of 401 () @ https://challenges.cloudflare.com/cdn-cgi/challenge-platform/h/g/pat/9d975642b909d1d9/1773030549285/1c33458dc3b0d99a7531739bd7666b1cf83ede4164371dc583f9844f64404239/yosKGA5bphgT872:0
[  280742ms] [WARNING] The resource https://challenges.cloudflare.com/cdn-cgi/challenge-platform/h/g/cmg/1 was preloaded using link preload but not used within a few seconds from the window's load event. Please make sure it has an appropriate `as` value and it is preloaded intentionally. @ https://challenges.cloudflare.com/cdn-cgi/challenge-platform/h/g/turnstile/f/ov2/av0/rch/5l3dg/0x4AAAAAAADnPIDROrmt1Wwj/light/fbE/new/normal?lang=auto:0
[  398524ms] [ERROR] Failed to load resource: the server responded with a status of 400 () @ https://javdb.com/cdn-cgi/challenge-platform/h/g/flow/ov1/480684099:1773026428:vXvrkewcQkeQYiwDhCAx8LheIfbw4RZCk0Hpmx-OnJw/9d97563d5b8aea91/KbK_WqyG1c.wJQL.ZW9OoBLpRGHfSdS3ZaIc9uOPKhw-1773030548-1.2.1.1-WYGoJ2WHDOR95AeJoXpH96bV4gujVtNnTmfFE15xteMCYJXZQrRdChvQYG0FmVy2:0
[  414655ms] [ERROR] Failed to load resource: the server responded with a status of 403 () @ https://javdb.com/?vft=1&vst=1:0
[  415923ms] [ERROR] Failed to load resource: the server responded with a status of 401 () @ https://challenges.cloudflare.com/cdn-cgi/challenge-platform/h/g/pat/9d9759a719d2d1d9/1773030688229/8044dc4d59356cd71bae9f8040394965c7d5fc52ed5e7d609e6026752647fda6/fgmmed8DeYCHKB9:0
[  415973ms] [ERROR] %c%d font-size:0;color:transparent NaN @ https://challenges.cloudflare.com/cdn-cgi/challenge-platform/h/g/turnstile/f/ov2/av0/rch/0a3j0/0x4AAAAAAADnPIDROrmt1Wwj/light/fbE/new/normal?lang=auto:0
[  415973ms] [ERROR] %c%d font-size:0;color:transparent NaN @ https://challenges.cloudflare.com/cdn-cgi/challenge-platform/h/g/turnstile/f/ov2/av0/rch/0a3j0/0x4AAAAAAADnPIDROrmt1Wwj/light/fbE/new/normal?lang=auto:0
[  415974ms] [WARNING] %c%d font-size:0;color:transparent NaN @ https://challenges.cloudflare.com/cdn-cgi/challenge-platform/h/g/turnstile/f/ov2/av0/rch/0a3j0/0x4AAAAAAADnPIDROrmt1Wwj/light/fbE/new/normal?lang=auto:0
[  415974ms] [WARNING] %c%d font-size:0;color:transparent NaN @ https://challenges.cloudflare.com/cdn-cgi/challenge-platform/h/g/turnstile/f/ov2/av0/rch/0a3j0/0x4AAAAAAADnPIDROrmt1Wwj/light/fbE/new/normal?lang=auto:0
[  416134ms] [ERROR]  Note that 'script-src' was not explicitly set, so 'default-src' is used as a fallback. @ https://challenges.cloudflare.com/cdn-cgi/challenge-platform/h/g/turnstile/f/ov2/av0/rch/0a3j0/0x4AAAAAAADnPIDROrmt1Wwj/light/fbE/new/normal?lang=auto:0
[  419674ms] [WARNING] The resource https://challenges.cloudflare.com/cdn-cgi/challenge-platform/h/g/cmg/1 was preloaded using link preload but not used within a few seconds from the window's load event. Please make sure it has an appropriate `as` value and it is preloaded intentionally. @ https://challenges.cloudflare.com/cdn-cgi/challenge-platform/h/g/turnstile/f/ov2/av0/rch/0a3j0/0x4AAAAAAADnPIDROrmt1Wwj/light/fbE/new/normal?lang=auto:0
[  537276ms] [ERROR] Failed to load resource: the server responded with a status of 400 () @ https://javdb.com/cdn-cgi/challenge-platform/h/g/flow/ov1/1943251268:1773030053:4byIRaVUCbQOcdoHAwtCDwuKA2RkofEci3q5Si1qKu4/9d9759a38c88ea91/Kikt9l_gkNKSYA_aNBpzWbvGmGdp7fYTYzs8p7aLnvo-1773030687-1.2.1.1-2g2i_Ekz2ABX0fTBhngiP2NAa69Ss4g5JC.6YeC7.x.zDpOu.D7NUjsg95zoiHI_:0
[  569450ms] [ERROR] Failed to load resource: the server responded with a status of 403 () @ https://javdb.com/?vft=1&vst=1:0
[  571217ms] [ERROR]  Note that 'script-src' was not explicitly set, so 'default-src' is used as a fallback. @ https://challenges.cloudflare.com/cdn-cgi/challenge-platform/h/g/turnstile/f/ov2/av0/rch/bn8jt/0x4AAAAAAADnPIDROrmt1Wwj/light/fbE/new/normal?lang=auto:0
[  571676ms] [ERROR] Failed to load resource: the server responded with a status of 401 () @ https://challenges.cloudflare.com/cdn-cgi/challenge-platform/h/g/pat/9d975d6f0aa0d1d9/1773030843008/3bdec46c0d57ffd07025b154199eaf8d713ec39d29256075531925fdb2ba4cfc/p1jHSA2JlvaL3Un:0
[  571695ms] [ERROR] %c%d font-size:0;color:transparent NaN @ https://challenges.cloudflare.com/cdn-cgi/challenge-platform/h/g/turnstile/f/ov2/av0/rch/bn8jt/0x4AAAAAAADnPIDROrmt1Wwj/light/fbE/new/normal?lang=auto:0
[  571695ms] [ERROR] %c%d font-size:0;color:transparent NaN @ https://challenges.cloudflare.com/cdn-cgi/challenge-platform/h/g/turnstile/f/ov2/av0/rch/bn8jt/0x4AAAAAAADnPIDROrmt1Wwj/light/fbE/new/normal?lang=auto:0
[  571696ms] [WARNING] %c%d font-size:0;color:transparent NaN @ https://challenges.cloudflare.com/cdn-cgi/challenge-platform/h/g/turnstile/f/ov2/av0/rch/bn8jt/0x4AAAAAAADnPIDROrmt1Wwj/light/fbE/new/normal?lang=auto:0
[  571696ms] [WARNING] %c%d font-size:0;color:transparent NaN @ https://challenges.cloudflare.com/cdn-cgi/challenge-platform/h/g/turnstile/f/ov2/av0/rch/bn8jt/0x4AAAAAAADnPIDROrmt1Wwj/light/fbE/new/normal?lang=auto:0
[  575503ms] [WARNING] The resource https://challenges.cloudflare.com/cdn-cgi/challenge-platform/h/g/cmg/1 was preloaded using link preload but not used within a few seconds from the window's load event. Please make sure it has an appropriate `as` value and it is preloaded intentionally. @ https://challenges.cloudflare.com/cdn-cgi/challenge-platform/h/g/turnstile/f/ov2/av0/rch/bn8jt/0x4AAAAAAADnPIDROrmt1Wwj/light/fbE/new/normal?lang=auto:0
[  692960ms] [ERROR] Failed to load resource: the server responded with a status of 400 () @ https://javdb.com/cdn-cgi/challenge-platform/h/g/flow/ov1/480684099:1773026428:vXvrkewcQkeQYiwDhCAx8LheIfbw4RZCk0Hpmx-OnJw/9d975d6aa8e1ea91/ldh3s5nDCDMob1cwQZhu6tRnrCQpUyRhdk1n4isJjNk-1773030842-1.2.1.1-fJqQltsP0mTx9TODdxZ7ZU5ukgL6RbSIcJjSsc4oo42Y5bhN2qMzRZEl99nb6Ysj:0
[  725162ms] [ERROR] Failed to load resource: the server responded with a status of 403 () @ https://javdb.com/?vft=1&vst=1:0
[  737314ms] [ERROR]  Note that 'script-src' was not explicitly set, so 'default-src' is used as a fallback. @ https://challenges.cloudflare.com/cdn-cgi/challenge-platform/h/g/turnstile/f/ov2/av0/rch/aeioi/0x4AAAAAAADnPIDROrmt1Wwj/light/fbE/new/normal?lang=auto:0
[  737440ms] [ERROR] %c%d font-size:0;color:transparent NaN @ https://challenges.cloudflare.com/cdn-cgi/challenge-platform/h/g/turnstile/f/ov2/av0/rch/aeioi/0x4AAAAAAADnPIDROrmt1Wwj/light/fbE/new/normal?lang=auto:0
[  737440ms] [ERROR] %c%d font-size:0;color:transparent NaN @ https://challenges.cloudflare.com/cdn-cgi/challenge-platform/h/g/turnstile/f/ov2/av0/rch/aeioi/0x4AAAAAAADnPIDROrmt1Wwj/light/fbE/new/normal?lang=auto:0
[  737441ms] [WARNING] %c%d font-size:0;color:transparent NaN @ https://challenges.cloudflare.com/cdn-cgi/challenge-platform/h/g/turnstile/f/ov2/av0/rch/aeioi/0x4AAAAAAADnPIDROrmt1Wwj/light/fbE/new/normal?lang=auto:0
[  737441ms] [WARNING] %c%d font-size:0;color:transparent NaN @ https://challenges.cloudflare.com/cdn-cgi/challenge-platform/h/g/turnstile/f/ov2/av0/rch/aeioi/0x4AAAAAAADnPIDROrmt1Wwj/light/fbE/new/normal?lang=auto:0
[  737739ms] [ERROR] Failed to load resource: the server responded with a status of 401 () @ https://challenges.cloudflare.com/cdn-cgi/challenge-platform/h/g/pat/9d97617e6af40dbb/1773031009605/43c0467daeeb45b2f54a30d8181d0feb923de7f4f74095067ec2f2cecc21e6e6/I7UGcO6ezH9ViTJ:0
[  741316ms] [WARNING] The resource https://challenges.cloudflare.com/cdn-cgi/challenge-platform/h/g/cmg/1 was preloaded using link preload but not used within a few seconds from the window's load event. Please make sure it has an appropriate `as` value and it is preloaded intentionally. @ https://challenges.cloudflare.com/cdn-cgi/challenge-platform/h/g/turnstile/f/ov2/av0/rch/aeioi/0x4AAAAAAADnPIDROrmt1Wwj/light/fbE/new/normal?lang=auto:0
[  860004ms] [ERROR] Failed to load resource: the server responded with a status of 400 () @ https://javdb.com/cdn-cgi/challenge-platform/h/g/flow/ov1/1943251268:1773030053:4byIRaVUCbQOcdoHAwtCDwuKA2RkofEci3q5Si1qKu4/9d976137bbc9ea91/X8YzD8TjS4ersa74o6D1zaYdMXn0TNt0SiPfGtBIYc0-1773030997-1.2.1.1-uLtkQVB9xWdmYxK8FQrtjSePkZw8Rcz5zI7mKtjrP_dbbKsfiVQ.pYPHrHtruaqd:0
[  892158ms] [ERROR] Failed to load resource: the server responded with a status of 403 () @ https://javdb.com/?vft=1&vst=1:0
[  893598ms] [ERROR] %c%d font-size:0;color:transparent NaN @ https://challenges.cloudflare.com/cdn-cgi/challenge-platform/h/g/turnstile/f/ov2/av0/rch/6jvmm/0x4AAAAAAADnPIDROrmt1Wwj/light/fbE/new/normal?lang=auto:0
[  893598ms] [ERROR] %c%d font-size:0;color:transparent NaN @ https://challenges.cloudflare.com/cdn-cgi/challenge-platform/h/g/turnstile/f/ov2/av0/rch/6jvmm/0x4AAAAAAADnPIDROrmt1Wwj/light/fbE/new/normal?lang=auto:0
[  893598ms] [WARNING] %c%d font-size:0;color:transparent NaN @ https://challenges.cloudflare.com/cdn-cgi/challenge-platform/h/g/turnstile/f/ov2/av0/rch/6jvmm/0x4AAAAAAADnPIDROrmt1Wwj/light/fbE/new/normal?lang=auto:0
[  893599ms] [WARNING] %c%d font-size:0;color:transparent NaN @ https://challenges.cloudflare.com/cdn-cgi/challenge-platform/h/g/turnstile/f/ov2/av0/rch/6jvmm/0x4AAAAAAADnPIDROrmt1Wwj/light/fbE/new/normal?lang=auto:0
[  893681ms] [ERROR]  Note that 'script-src' was not explicitly set, so 'default-src' is used as a fallback. @ https://challenges.cloudflare.com/cdn-cgi/challenge-platform/h/g/turnstile/f/ov2/av0/rch/6jvmm/0x4AAAAAAADnPIDROrmt1Wwj/light/fbE/new/normal?lang=auto:0
[  893978ms] [ERROR] Failed to load resource: the server responded with a status of 401 () @ https://challenges.cloudflare.com/cdn-cgi/challenge-platform/h/g/pat/9d9765504e880dbb/1773031165866/4940ede04e66e40155abe851d27c3e50a86e2bc62ecaccbec366cba4785bfe6f/mgxwmhZQvfHpCAJ:0
[  897396ms] [WARNING] The resource https://challenges.cloudflare.com/cdn-cgi/challenge-platform/h/g/cmg/1 was preloaded using link preload but not used within a few seconds from the window's load event. Please make sure it has an appropriate `as` value and it is preloaded intentionally. @ https://challenges.cloudflare.com/cdn-cgi/challenge-platform/h/g/turnstile/f/ov2/av0/rch/6jvmm/0x4AAAAAAADnPIDROrmt1Wwj/light/fbE/new/normal?lang=auto:0
[ 1025835ms] [ERROR] Failed to load resource: the server responded with a status of 400 () @ https://javdb.com/cdn-cgi/challenge-platform/h/g/flow/ov1/1943251268:1773030053:4byIRaVUCbQOcdoHAwtCDwuKA2RkofEci3q5Si1qKu4/9d97654bc83bea91/ltiKeN8SVTeeL7cA97CwDPoHE7G7R87Q.ndGwsgV6bY-1773031164-1.2.1.1-Gop6ixE4h7glCwry5xWkCS8Y9IzaivE_XcXfTATPSpbxgBNDgIDG1Fw4g_zpxbH1:0
[ 1057966ms] [ERROR] Failed to load resource: the server responded with a status of 403 () @ https://javdb.com/?vft=1&vst=1:0
[ 1070178ms] [ERROR] %c%d font-size:0;color:transparent NaN @ https://challenges.cloudflare.com/cdn-cgi/challenge-platform/h/g/turnstile/f/ov2/av0/rch/u8sbb/0x4AAAAAAADnPIDROrmt1Wwj/light/fbE/new/normal?lang=auto:0
[ 1070179ms] [ERROR] %c%d font-size:0;color:transparent NaN @ https://challenges.cloudflare.com/cdn-cgi/challenge-platform/h/g/turnstile/f/ov2/av0/rch/u8sbb/0x4AAAAAAADnPIDROrmt1Wwj/light/fbE/new/normal?lang=auto:0
[ 1070179ms] [WARNING] %c%d font-size:0;color:transparent NaN @ https://challenges.cloudflare.com/cdn-cgi/challenge-platform/h/g/turnstile/f/ov2/av0/rch/u8sbb/0x4AAAAAAADnPIDROrmt1Wwj/light/fbE/new/normal?lang=auto:0
[ 1070179ms] [WARNING] %c%d font-size:0;color:transparent NaN @ https://challenges.cloudflare.com/cdn-cgi/challenge-platform/h/g/turnstile/f/ov2/av0/rch/u8sbb/0x4AAAAAAADnPIDROrmt1Wwj/light/fbE/new/normal?lang=auto:0
[ 1070369ms] [ERROR] Failed to load resource: the server responded with a status of 401 () @ https://challenges.cloudflare.com/cdn-cgi/challenge-platform/h/g/pat/9d97699e8ac4d1ee/1773031342370/8d3ebf4f06c6bf49321bc541029e02c7bac8fb89a32d7773f6833106e7ddc82c/ltSoPbzNkLBTGc9:0
[ 1070424ms] [ERROR]  Note that 'script-src' was not explicitly set, so 'default-src' is used as a fallback. @ https://challenges.cloudflare.com/cdn-cgi/challenge-platform/h/g/turnstile/f/ov2/av0/rch/u8sbb/0x4AAAAAAADnPIDROrmt1Wwj/light/fbE/new/normal?lang=auto:0
[ 1073990ms] [WARNING] The resource https://challenges.cloudflare.com/cdn-cgi/challenge-platform/h/g/cmg/1 was preloaded using link preload but not used within a few seconds from the window's load event. Please make sure it has an appropriate `as` value and it is preloaded intentionally. @ https://challenges.cloudflare.com/cdn-cgi/challenge-platform/h/g/turnstile/f/ov2/av0/rch/u8sbb/0x4AAAAAAADnPIDROrmt1Wwj/light/fbE/new/normal?lang=auto:0
[ 1192295ms] [ERROR] Failed to load resource: the server responded with a status of 400 () @ https://javdb.com/cdn-cgi/challenge-platform/h/g/flow/ov1/1943251268:1773030053:4byIRaVUCbQOcdoHAwtCDwuKA2RkofEci3q5Si1qKu4/9d9769583ae7ea13/fjqiR.oL8kHjqlst2J8PqGaFullsJCmIu8YaIaDa.YU-1773031330-1.2.1.1-hKtxx14aOtNNdB3wiMd67k13a.STemgEI.v.NiWhI19LWnK6UaSz928q7e37JWiT:0
[ 1224426ms] [ERROR] Failed to load resource: the server responded with a status of 403 () @ https://javdb.com/?vft=1&vst=1:0
[ 1225633ms] [ERROR] Failed to load resource: the server responded with a status of 401 () @ https://challenges.cloudflare.com/cdn-cgi/challenge-platform/h/g/pat/9d976d6caac5d1ee/1773031497983/b9059bbd28edc429dfb5998f176a2bc84ab1e21185e9f1f616cb27b1011744cd/q0tu6kc9enTgHin:0
[ 1225713ms] [ERROR]  Note that 'script-src' was not explicitly set, so 'default-src' is used as a fallback. @ https://challenges.cloudflare.com/cdn-cgi/challenge-platform/h/g/turnstile/f/ov2/av0/rch/og1rh/0x4AAAAAAADnPIDROrmt1Wwj/light/fbE/new/normal?lang=auto:0
[ 1225838ms] [ERROR] %c%d font-size:0;color:transparent NaN @ https://challenges.cloudflare.com/cdn-cgi/challenge-platform/h/g/turnstile/f/ov2/av0/rch/og1rh/0x4AAAAAAADnPIDROrmt1Wwj/light/fbE/new/normal?lang=auto:0
[ 1225838ms] [ERROR] %c%d font-size:0;color:transparent NaN @ https://challenges.cloudflare.com/cdn-cgi/challenge-platform/h/g/turnstile/f/ov2/av0/rch/og1rh/0x4AAAAAAADnPIDROrmt1Wwj/light/fbE/new/normal?lang=auto:0
[ 1225839ms] [WARNING] %c%d font-size:0;color:transparent NaN @ https://challenges.cloudflare.com/cdn-cgi/challenge-platform/h/g/turnstile/f/ov2/av0/rch/og1rh/0x4AAAAAAADnPIDROrmt1Wwj/light/fbE/new/normal?lang=auto:0
[ 1225839ms] [WARNING] %c%d font-size:0;color:transparent NaN @ https://challenges.cloudflare.com/cdn-cgi/challenge-platform/h/g/turnstile/f/ov2/av0/rch/og1rh/0x4AAAAAAADnPIDROrmt1Wwj/light/fbE/new/normal?lang=auto:0
[ 1229385ms] [WARNING] The resource https://challenges.cloudflare.com/cdn-cgi/challenge-platform/h/g/cmg/1 was preloaded using link preload but not used within a few seconds from the window's load event. Please make sure it has an appropriate `as` value and it is preloaded intentionally. @ https://challenges.cloudflare.com/cdn-cgi/challenge-platform/h/g/turnstile/f/ov2/av0/rch/og1rh/0x4AAAAAAADnPIDROrmt1Wwj/light/fbE/new/normal?lang=auto:0
[ 1358073ms] [ERROR] Failed to load resource: the server responded with a status of 400 () @ https://javdb.com/cdn-cgi/challenge-platform/h/g/flow/ov1/1943251268:1773030053:4byIRaVUCbQOcdoHAwtCDwuKA2RkofEci3q5Si1qKu4/9d976d689e41ea13/VY3DiSCBhGrkadPagYoBW7iEdmmlqvvELphuG.7KxsE-1773031497-1.2.1.1-vbxc0uMFNegzjdUOrN1GyyufI6si_kgQttEWavciZ81UKcjZDxPYp4J1UQZQAuqg:0
[ 1390190ms] [ERROR] Failed to load resource: the server responded with a status of 403 () @ https://javdb.com/?vft=1&vst=1:0
[ 1402403ms] [ERROR] Failed to load resource: the server responded with a status of 401 () @ https://challenges.cloudflare.com/cdn-cgi/challenge-platform/h/g/pat/9d9771bab824a2b5/1773031674633/82b3d2b3e93afc5ec77e12f621f45b767b420e33896258d14ab06965415f325c/Vfe8sML-537wzCk:0
[ 1402420ms] [ERROR]  Note that 'script-src' was not explicitly set, so 'default-src' is used as a fallback. @ https://challenges.cloudflare.com/cdn-cgi/challenge-platform/h/g/turnstile/f/ov2/av0/rch/d7yr3/0x4AAAAAAADnPIDROrmt1Wwj/light/fbE/new/normal?lang=auto:0
[ 1402599ms] [ERROR] %c%d font-size:0;color:transparent NaN @ https://challenges.cloudflare.com/cdn-cgi/challenge-platform/h/g/turnstile/f/ov2/av0/rch/d7yr3/0x4AAAAAAADnPIDROrmt1Wwj/light/fbE/new/normal?lang=auto:0
[ 1402600ms] [ERROR] %c%d font-size:0;color:transparent NaN @ https://challenges.cloudflare.com/cdn-cgi/challenge-platform/h/g/turnstile/f/ov2/av0/rch/d7yr3/0x4AAAAAAADnPIDROrmt1Wwj/light/fbE/new/normal?lang=auto:0
[ 1402600ms] [WARNING] %c%d font-size:0;color:transparent NaN @ https://challenges.cloudflare.com/cdn-cgi/challenge-platform/h/g/turnstile/f/ov2/av0/rch/d7yr3/0x4AAAAAAADnPIDROrmt1Wwj/light/fbE/new/normal?lang=auto:0
[ 1402600ms] [WARNING] %c%d font-size:0;color:transparent NaN @ https://challenges.cloudflare.com/cdn-cgi/challenge-platform/h/g/turnstile/f/ov2/av0/rch/d7yr3/0x4AAAAAAADnPIDROrmt1Wwj/light/fbE/new/normal?lang=auto:0
[ 1406346ms] [WARNING] The resource https://challenges.cloudflare.com/cdn-cgi/challenge-platform/h/g/cmg/1 was preloaded using link preload but not used within a few seconds from the window's load event. Please make sure it has an appropriate `as` value and it is preloaded intentionally. @ https://challenges.cloudflare.com/cdn-cgi/challenge-platform/h/g/turnstile/f/ov2/av0/rch/d7yr3/0x4AAAAAAADnPIDROrmt1Wwj/light/fbE/new/normal?lang=auto:0
[ 1524272ms] [ERROR] Failed to load resource: the server responded with a status of 400 () @ https://javdb.com/cdn-cgi/challenge-platform/h/g/flow/ov1/1943251268:1773030053:4byIRaVUCbQOcdoHAwtCDwuKA2RkofEci3q5Si1qKu4/9d977174aa4bea9d/8D1yhLj9ZRQrCqZvAQV8sZFV6m80jjRZ95SEDWc8AVU-1773031662-1.2.1.1-uc6kVfwSPznMQK.YiqWp8mWw2Iku9953hEXd1Mc9I0Oe21K3BjJHNcJO_sCbAk15:0
[ 1556399ms] [ERROR] Failed to load resource: the server responded with a status of 403 () @ https://javdb.com/?vft=1&vst=1:0
[ 1557521ms] [ERROR]  Note that 'script-src' was not explicitly set, so 'default-src' is used as a fallback. @ https://challenges.cloudflare.com/cdn-cgi/challenge-platform/h/g/turnstile/f/ov2/av0/rch/7k3qs/0x4AAAAAAADnPIDROrmt1Wwj/light/fbE/new/normal?lang=auto:0
[ 1557669ms] [ERROR] %c%d font-size:0;color:transparent NaN @ https://challenges.cloudflare.com/cdn-cgi/challenge-platform/h/g/turnstile/f/ov2/av0/rch/7k3qs/0x4AAAAAAADnPIDROrmt1Wwj/light/fbE/new/normal?lang=auto:0
[ 1557669ms] [ERROR] %c%d font-size:0;color:transparent NaN @ https://challenges.cloudflare.com/cdn-cgi/challenge-platform/h/g/turnstile/f/ov2/av0/rch/7k3qs/0x4AAAAAAADnPIDROrmt1Wwj/light/fbE/new/normal?lang=auto:0
[ 1557671ms] [WARNING] %c%d font-size:0;color:transparent NaN @ https://challenges.cloudflare.com/cdn-cgi/challenge-platform/h/g/turnstile/f/ov2/av0/rch/7k3qs/0x4AAAAAAADnPIDROrmt1Wwj/light/fbE/new/normal?lang=auto:0
[ 1557671ms] [WARNING] %c%d font-size:0;color:transparent NaN @ https://challenges.cloudflare.com/cdn-cgi/challenge-platform/h/g/turnstile/f/ov2/av0/rch/7k3qs/0x4AAAAAAADnPIDROrmt1Wwj/light/fbE/new/normal?lang=auto:0
[ 1557860ms] [ERROR] Failed to load resource: the server responded with a status of 401 () @ https://challenges.cloudflare.com/cdn-cgi/challenge-platform/h/g/pat/9d9775874ec9a2b5/1773031829956/d17659996b4f754c8969c2da1ff7805a47683cf7f3e7a937fbaa622fc5f2be63/MG61EZZ2xaLBO01:0
[ 1561398ms] [WARNING] The resource https://challenges.cloudflare.com/cdn-cgi/challenge-platform/h/g/cmg/1 was preloaded using link preload but not used within a few seconds from the window's load event. Please make sure it has an appropriate `as` value and it is preloaded intentionally. @ https://challenges.cloudflare.com/cdn-cgi/challenge-platform/h/g/turnstile/f/ov2/av0/rch/7k3qs/0x4AAAAAAADnPIDROrmt1Wwj/light/fbE/new/normal?lang=auto:0
[ 1689417ms] [ERROR] Failed to load resource: the server responded with a status of 400 () @ https://javdb.com/cdn-cgi/challenge-platform/h/g/flow/ov1/1943251268:1773030053:4byIRaVUCbQOcdoHAwtCDwuKA2RkofEci3q5Si1qKu4/9d9775837ad6ea9d/nGFC04P5og.4Y5unwDpQAHHneSPfT9Z8OAyxDF6ms6A-1773031829-1.2.1.1-xUt0vvneaOrTneFezf0hUev5OBNbKTj2AdRwaktUGqKua0S8Iaf9Pal4eTgkXjeS:0
[ 1721558ms] [ERROR] Failed to load resource: the server responded with a status of 403 () @ https://javdb.com/?vft=1&vst=1:0
[ 1733713ms] [ERROR] %c%d font-size:0;color:transparent NaN @ https://challenges.cloudflare.com/cdn-cgi/challenge-platform/h/g/turnstile/f/ov2/av0/rch/0017v/0x4AAAAAAADnPIDROrmt1Wwj/light/fbE/new/normal?lang=auto:0
[ 1733713ms] [ERROR] %c%d font-size:0;color:transparent NaN @ https://challenges.cloudflare.com/cdn-cgi/challenge-platform/h/g/turnstile/f/ov2/av0/rch/0017v/0x4AAAAAAADnPIDROrmt1Wwj/light/fbE/new/normal?lang=auto:0
[ 1733713ms] [WARNING] %c%d font-size:0;color:transparent NaN @ https://challenges.cloudflare.com/cdn-cgi/challenge-platform/h/g/turnstile/f/ov2/av0/rch/0017v/0x4AAAAAAADnPIDROrmt1Wwj/light/fbE/new/normal?lang=auto:0
[ 1733713ms] [WARNING] %c%d font-size:0;color:transparent NaN @ https://challenges.cloudflare.com/cdn-cgi/challenge-platform/h/g/turnstile/f/ov2/av0/rch/0017v/0x4AAAAAAADnPIDROrmt1Wwj/light/fbE/new/normal?lang=auto:0
[ 1733895ms] [ERROR]  Note that 'script-src' was not explicitly set, so 'default-src' is used as a fallback. @ https://challenges.cloudflare.com/cdn-cgi/challenge-platform/h/g/turnstile/f/ov2/av0/rch/0017v/0x4AAAAAAADnPIDROrmt1Wwj/light/fbE/new/normal?lang=auto:0
[ 1734121ms] [ERROR] Failed to load resource: the server responded with a status of 401 () @ https://challenges.cloudflare.com/cdn-cgi/challenge-platform/h/g/pat/9d9779d23e2beaad/1773032006002/7b3a60385c23df746504d11bce1ce068e745c379127a502dde1b6cf1fc4400b2/5BHiErV7_hAAHPZ:0
[ 1737654ms] [WARNING] The resource https://challenges.cloudflare.com/cdn-cgi/challenge-platform/h/g/cmg/1 was preloaded using link preload but not used within a few seconds from the window's load event. Please make sure it has an appropriate `as` value and it is preloaded intentionally. @ https://challenges.cloudflare.com/cdn-cgi/challenge-platform/h/g/turnstile/f/ov2/av0/rch/0017v/0x4AAAAAAADnPIDROrmt1Wwj/light/fbE/new/normal?lang=auto:0
[ 1855944ms] [ERROR] Failed to load resource: the server responded with a status of 400 () @ https://javdb.com/cdn-cgi/challenge-platform/h/g/flow/ov1/1943251268:1773030053:4byIRaVUCbQOcdoHAwtCDwuKA2RkofEci3q5Si1qKu4/9d97798b9d0b9d33/VskNX6HzYxHxV5ZK5sKYOQxl7hp4HGkhboppV86B1Kg-1773031994-1.2.1.1-jwMw0hMlRQMGsSgwy913uB8g78ErD4VhqKKIz1E2D7Z54vxYAEiIZ9_TX7w7UbVk:0
[ 1888134ms] [ERROR] Failed to load resource: the server responded with a status of 403 () @ https://javdb.com/?vft=1&vst=1:0
[ 1889381ms] [ERROR] Failed to load resource: the server responded with a status of 401 () @ https://challenges.cloudflare.com/cdn-cgi/challenge-platform/h/g/pat/9d977da10df9eaad/1773032161737/9e9db5a93bc67a7de0cfd9dfbdfdc9ec5681a34ad21c7a71b313cd86c4770112/Y1faRWBwuPJH0Td:0
[ 1889404ms] [ERROR]  Note that 'script-src' was not explicitly set, so 'default-src' is used as a fallback. @ https://challenges.cloudflare.com/cdn-cgi/challenge-platform/h/g/turnstile/f/ov2/av0/rch/4s3vz/0x4AAAAAAADnPIDROrmt1Wwj/light/fbE/new/normal?lang=auto:0
[ 1889733ms] [ERROR] %c%d font-size:0;color:transparent NaN @ https://challenges.cloudflare.com/cdn-cgi/challenge-platform/h/g/turnstile/f/ov2/av0/rch/4s3vz/0x4AAAAAAADnPIDROrmt1Wwj/light/fbE/new/normal?lang=auto:0
[ 1889733ms] [ERROR] %c%d font-size:0;color:transparent NaN @ https://challenges.cloudflare.com/cdn-cgi/challenge-platform/h/g/turnstile/f/ov2/av0/rch/4s3vz/0x4AAAAAAADnPIDROrmt1Wwj/light/fbE/new/normal?lang=auto:0
[ 1889734ms] [WARNING] %c%d font-size:0;color:transparent NaN @ https://challenges.cloudflare.com/cdn-cgi/challenge-platform/h/g/turnstile/f/ov2/av0/rch/4s3vz/0x4AAAAAAADnPIDROrmt1Wwj/light/fbE/new/normal?lang=auto:0
[ 1889734ms] [WARNING] %c%d font-size:0;color:transparent NaN @ https://challenges.cloudflare.com/cdn-cgi/challenge-platform/h/g/turnstile/f/ov2/av0/rch/4s3vz/0x4AAAAAAADnPIDROrmt1Wwj/light/fbE/new/normal?lang=auto:0
[ 1893133ms] [WARNING] The resource https://challenges.cloudflare.com/cdn-cgi/challenge-platform/h/g/cmg/1 was preloaded using link preload but not used within a few seconds from the window's load event. Please make sure it has an appropriate `as` value and it is preloaded intentionally. @ https://challenges.cloudflare.com/cdn-cgi/challenge-platform/h/g/turnstile/f/ov2/av0/rch/4s3vz/0x4AAAAAAADnPIDROrmt1Wwj/light/fbE/new/normal?lang=auto:0
[ 2022241ms] [ERROR] Failed to load resource: the server responded with a status of 400 () @ https://javdb.com/cdn-cgi/challenge-platform/h/g/flow/ov1/1943251268:1773030053:4byIRaVUCbQOcdoHAwtCDwuKA2RkofEci3q5Si1qKu4/9d977d9cc8509d33/3kzHKwfvk8r2G1Sy20QsSJ__G4SPOpzPF7SH.DsQf0M-1773032160-1.2.1.1-X3Xk6H834QrsPoUtP06fX7oEAJygfxT87hFMar9xtzblzRpXaN2J6sB8_r5PpL8u:0
[ 2054372ms] [ERROR] Failed to load resource: the server responded with a status of 403 () @ https://javdb.com/?vft=1&vst=1:0
[ 2066595ms] [ERROR] %c%d font-size:0;color:transparent NaN @ https://challenges.cloudflare.com/cdn-cgi/challenge-platform/h/g/turnstile/f/ov2/av0/rch/7hu3r/0x4AAAAAAADnPIDROrmt1Wwj/light/fbE/new/normal?lang=auto:0
[ 2066595ms] [ERROR] %c%d font-size:0;color:transparent NaN @ https://challenges.cloudflare.com/cdn-cgi/challenge-platform/h/g/turnstile/f/ov2/av0/rch/7hu3r/0x4AAAAAAADnPIDROrmt1Wwj/light/fbE/new/normal?lang=auto:0
[ 2066595ms] [WARNING] %c%d font-size:0;color:transparent NaN @ https://challenges.cloudflare.com/cdn-cgi/challenge-platform/h/g/turnstile/f/ov2/av0/rch/7hu3r/0x4AAAAAAADnPIDROrmt1Wwj/light/fbE/new/normal?lang=auto:0
[ 2066595ms] [WARNING] %c%d font-size:0;color:transparent NaN @ https://challenges.cloudflare.com/cdn-cgi/challenge-platform/h/g/turnstile/f/ov2/av0/rch/7hu3r/0x4AAAAAAADnPIDROrmt1Wwj/light/fbE/new/normal?lang=auto:0
[ 2066805ms] [ERROR] Failed to load resource: the server responded with a status of 401 () @ https://challenges.cloudflare.com/cdn-cgi/challenge-platform/h/g/pat/9d9781f1cf43eaa2/1773032338812/85ecafa88aef356e5434d8c957bc5af4361bdaa5247f97ee782cd33f19725024/sccGpgTqJ5lcj2A:0
[ 2066957ms] [ERROR]  Note that 'script-src' was not explicitly set, so 'default-src' is used as a fallback. @ https://challenges.cloudflare.com/cdn-cgi/challenge-platform/h/g/turnstile/f/ov2/av0/rch/7hu3r/0x4AAAAAAADnPIDROrmt1Wwj/light/fbE/new/normal?lang=auto:0
[ 2070591ms] [WARNING] The resource https://challenges.cloudflare.com/cdn-cgi/challenge-platform/h/g/cmg/1 was preloaded using link preload but not used within a few seconds from the window's load event. Please make sure it has an appropriate `as` value and it is preloaded intentionally. @ https://challenges.cloudflare.com/cdn-cgi/challenge-platform/h/g/turnstile/f/ov2/av0/rch/7hu3r/0x4AAAAAAADnPIDROrmt1Wwj/light/fbE/new/normal?lang=auto:0
[ 2190114ms] [ERROR] Failed to load resource: the server responded with a status of 400 () @ https://javdb.com/cdn-cgi/challenge-platform/h/g/flow/ov1/1943251268:1773030053:4byIRaVUCbQOcdoHAwtCDwuKA2RkofEci3q5Si1qKu4/9d9781abca87ea0d/b8eExvlI43H9n1xXdeljdFOkL4P6cnzbs4ly7EBGlzg-1773032327-1.2.1.1-1k0hoeQlwRukiZ_BfBTvi7Km_2yKa17ENpceW2RVSJt3bg4Ms0RxzcuaM0IOwWQn:0
[ 2222241ms] [ERROR] Failed to load resource: the server responded with a status of 403 () @ https://javdb.com/?vft=1&vst=1:0
[ 2223567ms] [ERROR] Failed to load resource: the server responded with a status of 401 () @ https://challenges.cloudflare.com/cdn-cgi/challenge-platform/h/g/pat/9d9785c88a95eaa2/1773032495805/eb793c86054572ff83d3cdfb60f5027c8f35a7a9b2b9b604821d865e26558ae9/YDqJR0JvmnLq33v:0
[ 2223715ms] [ERROR] %c%d font-size:0;color:transparent NaN @ https://challenges.cloudflare.com/cdn-cgi/challenge-platform/h/g/turnstile/f/ov2/av0/rch/e6nf0/0x4AAAAAAADnPIDROrmt1Wwj/light/fbE/new/normal?lang=auto:0
[ 2223715ms] [ERROR] %c%d font-size:0;color:transparent NaN @ https://challenges.cloudflare.com/cdn-cgi/challenge-platform/h/g/turnstile/f/ov2/av0/rch/e6nf0/0x4AAAAAAADnPIDROrmt1Wwj/light/fbE/new/normal?lang=auto:0
[ 2223716ms] [WARNING] %c%d font-size:0;color:transparent NaN @ https://challenges.cloudflare.com/cdn-cgi/challenge-platform/h/g/turnstile/f/ov2/av0/rch/e6nf0/0x4AAAAAAADnPIDROrmt1Wwj/light/fbE/new/normal?lang=auto:0
[ 2223716ms] [WARNING] %c%d font-size:0;color:transparent NaN @ https://challenges.cloudflare.com/cdn-cgi/challenge-platform/h/g/turnstile/f/ov2/av0/rch/e6nf0/0x4AAAAAAADnPIDROrmt1Wwj/light/fbE/new/normal?lang=auto:0
[ 2223744ms] [ERROR]  Note that 'script-src' was not explicitly set, so 'default-src' is used as a fallback. @ https://challenges.cloudflare.com/cdn-cgi/challenge-platform/h/g/turnstile/f/ov2/av0/rch/e6nf0/0x4AAAAAAADnPIDROrmt1Wwj/light/fbE/new/normal?lang=auto:0
[ 2227250ms] [WARNING] The resource https://challenges.cloudflare.com/cdn-cgi/challenge-platform/h/g/cmg/1 was preloaded using link preload but not used within a few seconds from the window's load event. Please make sure it has an appropriate `as` value and it is preloaded intentionally. @ https://challenges.cloudflare.com/cdn-cgi/challenge-platform/h/g/turnstile/f/ov2/av0/rch/e6nf0/0x4AAAAAAADnPIDROrmt1Wwj/light/fbE/new/normal?lang=auto:0
[ 2344780ms] [ERROR] Failed to load resource: the server responded with a status of 400 () @ https://javdb.com/cdn-cgi/challenge-platform/h/g/flow/ov1/1943251268:1773030053:4byIRaVUCbQOcdoHAwtCDwuKA2RkofEci3q5Si1qKu4/9d9785c4fcbdea0d/K9nldtH7nGQEIzpOw6NCeBCKsgtrpt4ek1s1hf1Q0Ts-1773032494-1.2.1.1-CC7TjPeqGV8M.Osi1l.5QWNsay3H_AZ4rSRRsboYUG90jiA00_hpPZI7YNWtbZYD:0
[ 2376909ms] [ERROR] Failed to load resource: the server responded with a status of 403 () @ https://javdb.com/?vft=1&vst=1:0
[ 2389049ms] [ERROR]  Note that 'script-src' was not explicitly set, so 'default-src' is used as a fallback. @ https://challenges.cloudflare.com/cdn-cgi/challenge-platform/h/g/turnstile/f/ov2/av0/rch/4wl5f/0x4AAAAAAADnPIDROrmt1Wwj/light/fbE/new/normal?lang=auto:0
[ 2389204ms] [ERROR] %c%d font-size:0;color:transparent NaN @ https://challenges.cloudflare.com/cdn-cgi/challenge-platform/h/g/turnstile/f/ov2/av0/rch/4wl5f/0x4AAAAAAADnPIDROrmt1Wwj/light/fbE/new/normal?lang=auto:0
[ 2389204ms] [ERROR] %c%d font-size:0;color:transparent NaN @ https://challenges.cloudflare.com/cdn-cgi/challenge-platform/h/g/turnstile/f/ov2/av0/rch/4wl5f/0x4AAAAAAADnPIDROrmt1Wwj/light/fbE/new/normal?lang=auto:0
[ 2389205ms] [WARNING] %c%d font-size:0;color:transparent NaN @ https://challenges.cloudflare.com/cdn-cgi/challenge-platform/h/g/turnstile/f/ov2/av0/rch/4wl5f/0x4AAAAAAADnPIDROrmt1Wwj/light/fbE/new/normal?lang=auto:0
[ 2389205ms] [WARNING] %c%d font-size:0;color:transparent NaN @ https://challenges.cloudflare.com/cdn-cgi/challenge-platform/h/g/turnstile/f/ov2/av0/rch/4wl5f/0x4AAAAAAADnPIDROrmt1Wwj/light/fbE/new/normal?lang=auto:0
[ 2389493ms] [ERROR] Failed to load resource: the server responded with a status of 401 () @ https://challenges.cloudflare.com/cdn-cgi/challenge-platform/h/g/pat/9d9789d12e7cd1eb/1773032661250/b213ffdec204352ec3ada41be7251f5342618e69e61f3f527987c772f34799c4/JqjTL2mQ6xWZC2c:0
[ 2393027ms] [WARNING] The resource https://challenges.cloudflare.com/cdn-cgi/challenge-platform/h/g/cmg/1 was preloaded using link preload but not used within a few seconds from the window's load event. Please make sure it has an appropriate `as` value and it is preloaded intentionally. @ https://challenges.cloudflare.com/cdn-cgi/challenge-platform/h/g/turnstile/f/ov2/av0/rch/4wl5f/0x4AAAAAAADnPIDROrmt1Wwj/light/fbE/new/normal?lang=auto:0
[ 2510498ms] [ERROR] Failed to load resource: the server responded with a status of 400 () @ https://javdb.com/cdn-cgi/challenge-platform/h/g/flow/ov1/1943251268:1773030053:4byIRaVUCbQOcdoHAwtCDwuKA2RkofEci3q5Si1qKu4/9d97898baf3dea0d/um8cCBD7n1UcGeUT7ykpapJxmQ1m3yHdV_2EviGRndI-1773032649-1.2.1.1-W05wJ73TYbRXSosVFkLXaOcTeBpPOPAUEvYpsY8hhag5ScG6TxciokTR.G8tRbf5:0
[ 2542618ms] [ERROR] Failed to load resource: the server responded with a status of 403 () @ https://javdb.com/?vft=1&vst=1:0
[ 2544009ms] [ERROR] Failed to load resource: the server responded with a status of 401 () @ https://challenges.cloudflare.com/cdn-cgi/challenge-platform/h/g/pat/9d978d9b99c0d1eb/1773032816292/7b71a24e7ab092fc2385827a3f9260ff79a87a5c66a2865a1cf692c2603b9007/xG_YWZdHq4Zr-fj:0
[ 2544185ms] [ERROR] %c%d font-size:0;color:transparent NaN @ https://challenges.cloudflare.com/cdn-cgi/challenge-platform/h/g/turnstile/f/ov2/av0/rch/dta0o/0x4AAAAAAADnPIDROrmt1Wwj/light/fbE/new/normal?lang=auto:0
[ 2544186ms] [ERROR] %c%d font-size:0;color:transparent NaN @ https://challenges.cloudflare.com/cdn-cgi/challenge-platform/h/g/turnstile/f/ov2/av0/rch/dta0o/0x4AAAAAAADnPIDROrmt1Wwj/light/fbE/new/normal?lang=auto:0
[ 2544186ms] [WARNING] %c%d font-size:0;color:transparent NaN @ https://challenges.cloudflare.com/cdn-cgi/challenge-platform/h/g/turnstile/f/ov2/av0/rch/dta0o/0x4AAAAAAADnPIDROrmt1Wwj/light/fbE/new/normal?lang=auto:0
[ 2544186ms] [WARNING] %c%d font-size:0;color:transparent NaN @ https://challenges.cloudflare.com/cdn-cgi/challenge-platform/h/g/turnstile/f/ov2/av0/rch/dta0o/0x4AAAAAAADnPIDROrmt1Wwj/light/fbE/new/normal?lang=auto:0
[ 2544235ms] [ERROR]  Note that 'script-src' was not explicitly set, so 'default-src' is used as a fallback. @ https://challenges.cloudflare.com/cdn-cgi/challenge-platform/h/g/turnstile/f/ov2/av0/rch/dta0o/0x4AAAAAAADnPIDROrmt1Wwj/light/fbE/new/normal?lang=auto:0
[ 2547652ms] [WARNING] The resource https://challenges.cloudflare.com/cdn-cgi/challenge-platform/h/g/cmg/1 was preloaded using link preload but not used within a few seconds from the window's load event. Please make sure it has an appropriate `as` value and it is preloaded intentionally. @ https://challenges.cloudflare.com/cdn-cgi/challenge-platform/h/g/turnstile/f/ov2/av0/rch/dta0o/0x4AAAAAAADnPIDROrmt1Wwj/light/fbE/new/normal?lang=auto:0
